// Jest Snapshot v1, https://goo.gl/fbAQLP

exports[`HeaderComponent should compile 1`] = `
<kosaml-header
  title={[Function String]}
  toggleProjectBar={[Function EventEmitter]}
>
  <mat-toolbar
    color="primary"
  >
    <span>
      HOME SOFT
    </span>
  </mat-toolbar>
</kosaml-header>
`;
